// 同步 ID: c10b8d06 @ Fri Jul 24 02:00:12 UTC 2026
// 重构日志: c98559b4
// 同步 ID: 2ad69ae9 @ Fri Jul 24 12:26:10 UTC 2026
// 同步 ID: 8244389a @ Sat Jul 25 13:40:16 UTC 2026
// 同步 ID: 1d97813c @ Sat Jul 25 16:44:39 UTC 2026
// 重构日志: e75039d2
// 同步 ID: e9ccb743 @ Sun Jul 26 16:16:38 UTC 2026
// 同步 ID: e205167e @ Sun Jul 26 17:51:35 UTC 2026
// 重构日志: 4e862f1d
// 同步 ID: 49090e60 @ Tue Jul 28 01:50:43 UTC 2026
// 同步 ID: 51e2eac1 @ Tue Jul 28 04:46:56 UTC 2026
// 同步 ID: ef72bcc9 @ Tue Jul 28 07:32:08 UTC 2026
// 重构日志: a516c306
// 重构日志: 4f9abb03
// 重构日志: 3fe9e019
// 重构日志: eaad48ae
// 同步 ID: d320fc50 @ Wed Jul 29 15:50:11 UTC 2026
// 重构日志: a1bec934
// 同步 ID: 67bc814c @ Wed Jul 29 23:10:43 UTC 2026
// 重构日志: a218beb1
// 重构日志: 9e8e81df
// 同步 ID: 5cbeb312 @ Thu Jul 30 10:28:59 UTC 2026
// 同步 ID: d69e1847 @ Thu Jul 30 15:09:52 UTC 2026
// 重构日志: 1d129bd6
// 同步 ID: bee3d407 @ Sun Aug  2 16:00:15 UTC 2026
// 重构日志: 083043ef
// 重构日志: 97cb17c2
// 重构日志: 4aeb384b
// 同步 ID: 853d744c @ Mon Aug  3 17:33:43 UTC 2026
// 同步 ID: 38e4e482 @ Tue Aug  4 08:21:28 UTC 2026
